[narr8am.pp.ua/index/12355/0-20.html]
[external.html]
[backblue.gif]
[fade.gif]
[index.html]
[narr8am.pp.ua/.s/src/css/845.css]
[narr8am.pp.ua/.s/src/base.css]
[narr8am.pp.ua/.s/src/layer7.css]
[narr8am.pp.ua/.s/src/jquery-1.7.2.js]
[narr8am.pp.ua/.s/src/ulightbox/ulightbox.css]
[narr8am.pp.ua/.s/src/ulightbox/ulightbox.js]
[narr8am.pp.ua/.s/src/social.css]
[narr8am.pp.ua/.s/src/uwndc81e.js]
[narr8am.pp.ua/.s/src/crit_image.js]
[wallaby.ucoz.ru/css_templates/famMiniProfStyleJqEd.css]
[wallaby.ucoz.ru/js_template/famMiniProfFunctionJqEd.js]
[narr8am.pp.ua/index/12355/0-20.html]
[188.120.226.43/stat/pixel1d41.gif]
[narr8am.pp.ua/.s/t/845/2.gif]
[narr8am.pp.ua/.s/t/845/3.png]
[narr8am.pp.ua/.s/t/845/4.gif]
[narr8am.pp.ua/.s/img/wd/1/ar1.gif]
[narr8am.pp.ua/.s/t/845/5.gif]
[narr8am.pp.ua/.s/t/845/6.gif]
[narr8am.pp.ua/.s/t/845/7.gif]
[narr8am.pp.ua/.s/t/845/8.gif]
[narr8am.pp.ua/.s/t/845/9.gif]
[narr8am.pp.ua/.s/src/css/845.css]
[narr8am.pp.ua/.s/img/sh/wait.gif]
[narr8am.pp.ua/.s/img/fr/OmnD.gif]
[narr8am.pp.ua/.s/img/fr/OmnD_.gif]
[narr8am.pp.ua/.s/src/panel-v2/img/select_arrow.png]
[narr8am.pp.ua/.s/src/panel-v2/img/select_disabled_arrow.png]
[narr8am.pp.ua/.s/img/wd/7/cmp-bg.gif]
[narr8am.pp.ua/.s/img/fr/searchbg.png]
[narr8am.pp.ua/.s/img/fr/g.gif]
[narr8am.pp.ua/.s/src/base.css]
[narr8am.pp.ua/.s/img/wd/7/ar1.gif]
[narr8am.pp.ua/.s/img/icon/32/sms.png]
[narr8am.pp.ua/.s/img/wd/7/tool-sprites.gif]
[narr8am.pp.ua/.s/src/panel-v2/img/del_icon_off.png]
[narr8am.pp.ua/.s/src/panel-v2/img/del_icon.png]
[narr8am.pp.ua/.s/src/panel-v2/img/min_icon_off.png]
[narr8am.pp.ua/.s/src/panel-v2/img/min_icon.png]
[narr8am.pp.ua/.s/src/panel-v2/img/max_icon_off.png]
[narr8am.pp.ua/.s/src/panel-v2/img/max_icon.png]
[narr8am.pp.ua/.s/src/panel-v2/img/rest_icon_off.png]
[narr8am.pp.ua/.s/src/panel-v2/img/rest_icon.png]
[narr8am.pp.ua/.s/img/wd/6/ajax.gif]
[narr8am.pp.ua/.s/img/1px.gif]
[narr8am.pp.ua/.s/img/wd/7/ajaxsb.gif]
[narr8am.pp.ua/.s/img/wd/6/li.png]
[narr8am.pp.ua/.s/img/wd/7/ajax.gif]
[narr8am.pp.ua/.s/img/wd/7/ajaxs.gif]
[narr8am.pp.ua/.s/src/panel-v2/img/check_new.png]
[narr8am.pp.ua/.s/img/wd/7/gridh.gif]
[narr8am.pp.ua/.s/img/wd/7/scroll-left.gif]
[narr8am.pp.ua/.s/img/wd/7/scroll-right.gif]
[narr8am.pp.ua/.s/img/wd/7/tabs-sprite.gif]
[narr8am.pp.ua/.s/img/icon/ajsml.gif]
[narr8am.pp.ua/.s/img/wd/7/sb.gif]
[narr8am.pp.ua/.s/img/icon/pm.gif]
[narr8am.pp.ua/.s/img/wd/7/c.png]
[narr8am.pp.ua/.s/src/ulightbox/fancybox_sprite.png]
[narr8am.pp.ua/.s/img/icon/refresh.png]
[narr8am.pp.ua/.s/src/layer7.css]
[narr8am.pp.ua/.s/src/ulightbox/fancybox_loading.gif]
[narr8am.pp.ua/.s/src/ulightbox/blank.gif]
[narr8am.pp.ua/.s/src/ulightbox/fancybox_buttons.png]
[narr8am.pp.ua/.s/src/ulightbox/ulightbox.css]
[narr8am.pp.ua/.s/src/social.css]
[wallaby.ucoz.ru/css_templates/famMiniProfStyleJqEd.css]
[narr8am.pp.ua/.s/src/panel-v2/img/icons/icon_sel.svg]
